// Jest Snapshot v1, https://goo.gl/fbAQLP

exports[`Testing <Dashboard /> Component should render properly 1`] = `
Array [
  <button
    className="MuiButtonBase-root MuiIconButton-root makeStyles-drawerButton-10"
    disabled={false}
    id="side-drawer-button"
    onBlur={[Function]}
    onClick={[Function]}
    onDragLeave={[Function]}
    onFocus={[Function]}
    onKeyDown={[Function]}
    onKeyUp={[Function]}
    onMouseDown={[Function]}
    onMouseLeave={[Function]}
    onMouseUp={[Function]}
    onTouchEnd={[Function]}
    onTouchMove={[Function]}
    onTouchStart={[Function]}
    tabIndex={0}
    type="button"
  >
    <span
      className="MuiIconButton-label"
    >
      <svg
        aria-hidden={true}
        className="MuiSvgIcon-root MuiSvgIcon-fontSizeLarge css-tzssek-MuiSvgIcon-root"
        data-testid="ArrowForwardIosIcon"
        focusable="false"
        style={
          Object {
            "color": "#68390D",
          }
        }
        viewBox="0 0 24 24"
      >
        <path
          d="M6.23 20.23 8 22l10-10L8 2 6.23 3.77 14.46 12z"
        />
      </svg>
    </span>
  </button>,
  <div
    className="dashboard"
  >
    <div
      className="MuiGrid-root MuiGrid-container MuiGrid-item MuiGrid-direction-xs-column MuiGrid-align-items-xs-center MuiGrid-justify-content-xs-center"
      style={
        Object {
          "height": "100%",
          "width": "100%",
        }
      }
    >
      <div
        className="MuiGrid-root dashboard-user-info-container MuiGrid-container MuiGrid-item MuiGrid-direction-xs-column MuiGrid-align-items-xs-center MuiGrid-justify-content-xs-center"
      >
        <div
          className="MuiGrid-root MuiGrid-item"
        >
          <img
            className="dashboard-profile-pic"
            src="profile.svg"
          />
        </div>
        <div
          className="MuiGrid-root MuiGrid-item"
        >
          <h1
            className="dashboard-user-info"
          />
        </div>
        <div
          className="MuiGrid-root MuiGrid-item"
        >
          <h1
            className="dashboard-user-info"
          >
            Calgary, Alberta
          </h1>
        </div>
        <div
          className="MuiGrid-root MuiGrid-item"
        >
          <h1
            className="dashboard-user-info"
          >
            Last Login: 20/02/2022
          </h1>
        </div>
        <div
          className="MuiGrid-root MuiGrid-container MuiGrid-spacing-xs-2 MuiGrid-item MuiGrid-align-items-xs-center MuiGrid-justify-content-xs-center"
          style={
            Object {
              "width": "100%",
            }
          }
        >
          <div
            className="MuiGrid-root dashboard-grid-item MuiGrid-item MuiGrid-grid-xs-10 MuiGrid-grid-xl-10"
          >
            <p>
              Brief Overview
            </p>
            <div
              className="MuiFormControl-root MuiTextField-root makeStyles-textField-1"
              style={
                Object {
                  "width": "100%",
                }
              }
            >
              
              <div
                className="MuiInputBase-root MuiFilledInput-root MuiFilledInput-underline MuiInputBase-formControl"
                onClick={[Function]}
              >
                <input
                  aria-invalid={false}
                  autoFocus={false}
                  className="MuiInputBase-input MuiFilledInput-input"
                  disabled={false}
                  id="dashboard-overview-field"
                  onAnimationStart={[Function]}
                  onBlur={[Function]}
                  onChange={[Function]}
                  onFocus={[Function]}
                  required={false}
                  type="text"
                />
              </div>
            </div>
          </div>
          <div
            className="MuiGrid-root MuiGrid-container MuiGrid-item MuiGrid-align-items-xs-center MuiGrid-justify-content-xs-center MuiGrid-grid-xs-10 MuiGrid-grid-md-3 MuiGrid-grid-lg-3 MuiGrid-grid-xl-3"
          >
            <div
              className="MuiGrid-root MuiGrid-item"
              style={
                Object {
                  "width": "100%",
                }
              }
            >
              <p>
                Name
              </p>
              <div
                className="MuiFormControl-root MuiTextField-root makeStyles-textField-1"
              >
                
                <div
                  className="MuiInputBase-root MuiFilledInput-root MuiFilledInput-underline MuiInputBase-formControl"
                  onClick={[Function]}
                >
                  <input
                    aria-invalid={false}
                    autoFocus={false}
                    className="MuiInputBase-input MuiFilledInput-input"
                    disabled={false}
                    id="dashboard-name-field"
                    onAnimationStart={[Function]}
                    onBlur={[Function]}
                    onChange={[Function]}
                    onFocus={[Function]}
                    required={false}
                    type="text"
                  />
                </div>
              </div>
            </div>
          </div>
          <div
            className="MuiGrid-root MuiGrid-container MuiGrid-item MuiGrid-align-items-xs-center MuiGrid-justify-content-xs-center MuiGrid-grid-xs-10 MuiGrid-grid-md-3 MuiGrid-grid-lg-3 MuiGrid-grid-xl-3"
          >
            <div
              className="MuiGrid-root MuiGrid-item"
              style={
                Object {
                  "width": "100%",
                }
              }
            >
              <p>
                Birthday
              </p>
              <div
                className="MuiFormControl-root MuiTextField-root makeStyles-textField-1"
                onClick={[Function]}
                onKeyPress={[Function]}
              >
                <div
                  className="MuiInputBase-root MuiFilledInput-root MuiFilledInput-underline MuiInputBase-formControl MuiInputBase-adornedEnd MuiFilledInput-adornedEnd"
                  onClick={[Function]}
                >
                  <input
                    aria-invalid={false}
                    autoFocus={false}
                    className="MuiInputBase-input MuiFilledInput-input MuiInputBase-inputAdornedEnd MuiFilledInput-inputAdornedEnd"
                    disabled={false}
                    onAnimationStart={[Function]}
                    onBlur={[Function]}
                    onChange={[Function]}
                    onFocus={[Function]}
                    placeholder="YYYY-MM-DD"
                    readOnly={false}
                    required={false}
                    type="text"
                    value="2022-03-28T16:28:47-06:00"
                  />
                  <div
                    className="MuiInputAdornment-root MuiInputAdornment-positionEnd MuiInputAdornment-filled"
                  >
                    <button
                      className="MuiButtonBase-root MuiIconButton-root"
                      disabled={false}
                      onBlur={[Function]}
                      onClick={[Function]}
                      onDragLeave={[Function]}
                      onFocus={[Function]}
                      onKeyDown={[Function]}
                      onKeyUp={[Function]}
                      onMouseDown={[Function]}
                      onMouseLeave={[Function]}
                      onMouseUp={[Function]}
                      onTouchEnd={[Function]}
                      onTouchMove={[Function]}
                      onTouchStart={[Function]}
                      tabIndex={0}
                      type="button"
                    >
                      <span
                        className="MuiIconButton-label"
                      >
                        <svg
                          aria-hidden={true}
                          className="MuiSvgIcon-root"
                          focusable="false"
                          viewBox="0 0 24 24"
                        >
                          <path
                            d="M17 12h-5v5h5v-5zM16 1v2H8V1H6v2H5c-1.11 0-1.99.9-1.99 2L3 19c0 1.1.89 2 2 2h14c1.1 0 2-.9 2-2V5c0-1.1-.9-2-2-2h-1V1h-2zm3 18H5V8h14v11z"
                          />
                          <path
                            d="M0 0h24v24H0z"
                            fill="none"
                          />
                        </svg>
                      </span>
                    </button>
                  </div>
                </div>
                
              </div>
            </div>
          </div>
          <div
            className="MuiGrid-root MuiGrid-container MuiGrid-item MuiGrid-align-items-xs-center MuiGrid-justify-content-xs-center MuiGrid-grid-xs-10 MuiGrid-grid-md-3 MuiGrid-grid-lg-3 MuiGrid-grid-xl-3"
          >
            <div
              className="MuiGrid-root MuiGrid-item"
              style={
                Object {
                  "width": "100%",
                }
              }
            >
              <p>
                Email
              </p>
              <div
                className="MuiFormControl-root MuiTextField-root makeStyles-textField-1"
              >
                
                <div
                  className="MuiInputBase-root MuiFilledInput-root MuiFilledInput-underline Mui-disabled Mui-disabled MuiInputBase-formControl"
                  onClick={[Function]}
                >
                  <input
                    aria-invalid={false}
                    autoFocus={false}
                    className="MuiInputBase-input MuiFilledInput-input Mui-disabled Mui-disabled"
                    disabled={true}
                    onAnimationStart={[Function]}
                    onBlur={[Function]}
                    onChange={[Function]}
                    onFocus={[Function]}
                    required={false}
                    type="text"
                  />
                </div>
              </div>
            </div>
          </div>
        </div>
      </div>
    </div>
    <div
      className="save-button-container"
    >
      <button
        className="MuiButtonBase-root MuiButton-root MuiButton-contained save-button"
        disabled={false}
        onBlur={[Function]}
        onClick={[Function]}
        onDragLeave={[Function]}
        onFocus={[Function]}
        onKeyDown={[Function]}
        onKeyUp={[Function]}
        onMouseDown={[Function]}
        onMouseLeave={[Function]}
        onMouseUp={[Function]}
        onTouchEnd={[Function]}
        onTouchMove={[Function]}
        onTouchStart={[Function]}
        tabIndex={0}
        type="button"
      >
        <span
          className="MuiButton-label"
        >
          Save
        </span>
      </button>
    </div>
  </div>,
]
`;
