// Jest Snapshot v1, https://goo.gl/fbAQLP

exports[`testing <Header /> component should render properly 1`] = `<div />`;
