// Jest Snapshot v1, https://goo.gl/fbAQLP

exports[`testing <HomePage /> component should render properly 1`] = `
<div
  className="email-signup-page"
>
  <div
    className="email-signup-page-inner"
  >
    <div
      className="title-container"
    >
      <div>
        <img
          className="Bulletin-logo"
          src="logo.svg"
        />
      </div>
      <div>
        <h1
          className="email-signup-primary"
        >
          Bulletin
        </h1>
      </div>
    </div>
    <div
      className="title-container"
    >
      <div>
        <h3
          className="secondary"
        >
          Organize your household and keep everyone in the loop with Bulletin
        </h3>
      </div>
    </div>
    <div
      className="title-container"
    >
      <div
        className="MuiFormControl-root MuiTextField-root email-input-field"
      >
        <label
          className="MuiFormLabel-root MuiInputLabel-root MuiInputLabel-formControl MuiInputLabel-animated MuiInputLabel-outlined"
          data-shrink={false}
          htmlFor="homepage-email-field"
          id="homepage-email-field-label"
        >
          Email
        </label>
        <div
          className="MuiInputBase-root MuiOutlinedInput-root MuiInputBase-formControl"
          onClick={[Function]}
        >
          <input
            aria-invalid={false}
            autoFocus={false}
            className="MuiInputBase-input MuiOutlinedInput-input"
            disabled={false}
            id="homepage-email-field"
            onAnimationStart={[Function]}
            onBlur={[Function]}
            onChange={[Function]}
            onFocus={[Function]}
            required={false}
            type="email"
            value=""
          />
          <fieldset
            aria-hidden={true}
            className="PrivateNotchedOutline-root-1 MuiOutlinedInput-notchedOutline"
          >
            <legend
              className="PrivateNotchedOutline-legendLabelled-3"
            >
              <span>
                Email
              </span>
            </legend>
          </fieldset>
        </div>
        
      </div>
      <button
        className="MuiButtonBase-root MuiButton-root MuiButton-text email-signup-button"
        disabled={false}
        onBlur={[Function]}
        onClick={[Function]}
        onDragLeave={[Function]}
        onFocus={[Function]}
        onKeyDown={[Function]}
        onKeyUp={[Function]}
        onMouseDown={[Function]}
        onMouseLeave={[Function]}
        onMouseUp={[Function]}
        onTouchEnd={[Function]}
        onTouchMove={[Function]}
        onTouchStart={[Function]}
        tabIndex={0}
        type="button"
      >
        <span
          className="MuiButton-label"
        >
          Sign Up Now!
        </span>
      </button>
    </div>
  </div>
</div>
`;
