// Jest Snapshot v1, https://goo.gl/fbAQLP

exports[`Testing <MemberStatus /> Component should render properly 1`] = `
<div>
  <div
    className="MuiBox-root css-ol10w6"
  >
    <div
      className="MuiBox-root css-9xqsl1"
    >
      <p
        className="MuiTypography-root MuiTypography-body1 css-vkc4v8-MuiTypography-root"
      >
        
      </p>
    </div>
    <div
      className="MuiBox-root css-ow002a"
    >
      <p
        className="MuiTypography-root MuiTypography-body1 css-vkc4v8-MuiTypography-root"
      >
        
      </p>
    </div>
    <div
      className="MuiBox-root css-1bvyfe8"
    >
      <div
        className="MuiOutlinedInput-root MuiInputBase-root MuiInputBase-colorPrimary  css-bx5laj-MuiInputBase-root-MuiOutlinedInput-root-MuiSelect-root"
        onClick={[Function]}
      >
        <div
          aria-expanded="false"
          aria-haspopup="listbox"
          aria-labelledby="manage-board-member-status-select"
          className="MuiSelect-select MuiSelect-outlined MuiOutlinedInput-input MuiInputBase-input css-11u53oe-MuiSelect-select-MuiInputBase-input-MuiOutlinedInput-input"
          id="manage-board-member-status-select"
          onBlur={[Function]}
          onFocus={[Function]}
          onKeyDown={[Function]}
          onMouseDown={[Function]}
          role="button"
          tabIndex={0}
        >
          Admin
        </div>
        <input
          aria-hidden={true}
          className="MuiSelect-nativeInput css-yf8vq0-MuiSelect-nativeInput"
          onAnimationStart={[Function]}
          onChange={[Function]}
          tabIndex={-1}
          value="Admin"
        />
        <svg
          aria-hidden={true}
          className="MuiSvgIcon-root MuiSvgIcon-fontSizeMedium MuiSelect-icon MuiSelect-iconOutlined css-hfutr2-MuiSvgIcon-root-MuiSelect-icon"
          data-testid="ArrowDropDownIcon"
          focusable="false"
          viewBox="0 0 24 24"
        >
          <path
            d="M7 10l5 5 5-5z"
          />
        </svg>
        <fieldset
          aria-hidden={true}
          className="MuiOutlinedInput-notchedOutline css-1d3z3hw-MuiOutlinedInput-notchedOutline"
        >
          <legend
            className="css-hdw1oc"
          >
            <span
              className="notranslate"
            >
              â€‹
            </span>
          </legend>
        </fieldset>
      </div>
    </div>
    <div
      className="MuiBox-root css-19wx6p5"
    >
      <button
        className="MuiButton-root MuiButton-text MuiButton-textPrimary MuiButton-sizeMedium MuiButton-textSizeMedium MuiButtonBase-root  css-1e6y48t-MuiButtonBase-root-MuiButton-root"
        disabled={false}
        onBlur={[Function]}
        onClick={[Function]}
        onContextMenu={[Function]}
        onDragLeave={[Function]}
        onFocus={[Function]}
        onKeyDown={[Function]}
        onKeyUp={[Function]}
        onMouseDown={[Function]}
        onMouseLeave={[Function]}
        onMouseUp={[Function]}
        onTouchEnd={[Function]}
        onTouchMove={[Function]}
        onTouchStart={[Function]}
        tabIndex={0}
        type="button"
      >
        <h6
          className="MuiTypography-root MuiTypography-h6 css-1kor5r7-MuiTypography-root"
        >
          X
        </h6>
      </button>
    </div>
  </div>
</div>
`;
