// Jest Snapshot v1, https://goo.gl/fbAQLP

exports[`testing <StyledMenu /> component should render properly 1`] = `
<div>
  <button
    aria-haspopup="true"
    className="MuiButton-root MuiButton-contained MuiButton-containedPrimary MuiButton-sizeMedium MuiButton-containedSizeMedium MuiButton-disableElevation MuiButtonBase-root  css-zddlty-MuiButtonBase-root-MuiButton-root"
    disabled={false}
    id="styled-menu-button"
    onBlur={[Function]}
    onClick={[Function]}
    onContextMenu={[Function]}
    onDragLeave={[Function]}
    onFocus={[Function]}
    onKeyDown={[Function]}
    onKeyUp={[Function]}
    onMouseDown={[Function]}
    onMouseLeave={[Function]}
    onMouseUp={[Function]}
    onTouchEnd={[Function]}
    onTouchMove={[Function]}
    onTouchStart={[Function]}
    style={
      Object {
        "backgroundColor": "#FFFFFF",
        "color": "#AA896B",
        "fontSize": "14px",
        "zIndex": 1,
      }
    }
    tabIndex={0}
    type="button"
  >
    Filter
    <span
      className="MuiButton-endIcon MuiButton-iconSizeMedium css-9tj150-MuiButton-endIcon"
    >
      <svg
        aria-hidden={true}
        className="MuiSvgIcon-root MuiSvgIcon-fontSizeMedium css-i4bv87-MuiSvgIcon-root"
        data-testid="KeyboardArrowDownIcon"
        focusable="false"
        viewBox="0 0 24 24"
      >
        <path
          d="M7.41 8.59 12 13.17l4.59-4.58L18 10l-6 6-6-6 1.41-1.41z"
        />
      </svg>
    </span>
  </button>
</div>
`;
